Archive member included because of file (symbol)

c:/winavr-20100110/bin/../lib/gcc/avr/4.3.3/avr5\libgcc.a(_mulsi3.o)
                              ./Services/Timers_Services.o (__mulsi3)
c:/winavr-20100110/bin/../lib/gcc/avr/4.3.3/avr5\libgcc.a(_udivmodhi4.o)
                              ./Services/Timers_Services.o (__udivmodhi4)
c:/winavr-20100110/bin/../lib/gcc/avr/4.3.3/avr5\libgcc.a(_udivmodsi4.o)
                              ./Services/Timers_Services.o (__udivmodsi4)
c:/winavr-20100110/bin/../lib/gcc/avr/4.3.3/avr5\libgcc.a(_exit.o)
                              c:/winavr-20100110/bin/../lib/gcc/avr/4.3.3/../../../../avr/lib/avr5/crtm32.o (exit)
c:/winavr-20100110/bin/../lib/gcc/avr/4.3.3/avr5\libgcc.a(_copy_data.o)
                              ./Services/UART_Services.o (__do_copy_data)
c:/winavr-20100110/bin/../lib/gcc/avr/4.3.3/avr5\libgcc.a(_clear_bss.o)
                              ./Services/Timers_Services.o (__do_clear_bss)
c:/winavr-20100110/bin/../lib/gcc/avr/4.3.3/avr5\libgcc.a(_fixunssfsi.o)
                              ./HAL/LCD.o (__fixunssfsi)
c:/winavr-20100110/bin/../lib/gcc/avr/4.3.3/avr5\libgcc.a(_udivdi3.o)
                              ./HAL/LCD.o (__udivdi3)
c:/winavr-20100110/bin/../lib/gcc/avr/4.3.3/avr5\libgcc.a(_umoddi3.o)
                              ./HAL/LCD.o (__umoddi3)
c:/winavr-20100110/bin/../lib/gcc/avr/4.3.3/avr5\libgcc.a(_addsub_sf.o)
                              c:/winavr-20100110/bin/../lib/gcc/avr/4.3.3/avr5\libgcc.a(_fixunssfsi.o) (__subsf3)
c:/winavr-20100110/bin/../lib/gcc/avr/4.3.3/avr5\libgcc.a(_mul_sf.o)
                              ./HAL/LCD.o (__mulsf3)
c:/winavr-20100110/bin/../lib/gcc/avr/4.3.3/avr5\libgcc.a(_div_sf.o)
                              ./HAL/ultrasonic.o (__divsf3)
c:/winavr-20100110/bin/../lib/gcc/avr/4.3.3/avr5\libgcc.a(_gt_sf.o)
                              ./HAL/LCD.o (__gtsf2)
c:/winavr-20100110/bin/../lib/gcc/avr/4.3.3/avr5\libgcc.a(_ge_sf.o)
                              c:/winavr-20100110/bin/../lib/gcc/avr/4.3.3/avr5\libgcc.a(_fixunssfsi.o) (__gesf2)
c:/winavr-20100110/bin/../lib/gcc/avr/4.3.3/avr5\libgcc.a(_lt_sf.o)
                              ./HAL/LCD.o (__ltsf2)
c:/winavr-20100110/bin/../lib/gcc/avr/4.3.3/avr5\libgcc.a(_sf_to_si.o)
                              c:/winavr-20100110/bin/../lib/gcc/avr/4.3.3/avr5\libgcc.a(_fixunssfsi.o) (__fixsfsi)
c:/winavr-20100110/bin/../lib/gcc/avr/4.3.3/avr5\libgcc.a(_thenan_sf.o)
                              c:/winavr-20100110/bin/../lib/gcc/avr/4.3.3/avr5\libgcc.a(_addsub_sf.o) (__thenan_sf)
c:/winavr-20100110/bin/../lib/gcc/avr/4.3.3/avr5\libgcc.a(_prologue.o)
                              c:/winavr-20100110/bin/../lib/gcc/avr/4.3.3/avr5\libgcc.a(_udivdi3.o) (__prologue_saves__)
c:/winavr-20100110/bin/../lib/gcc/avr/4.3.3/avr5\libgcc.a(_epilogue.o)
                              c:/winavr-20100110/bin/../lib/gcc/avr/4.3.3/avr5\libgcc.a(_udivdi3.o) (__epilogue_restores__)
c:/winavr-20100110/bin/../lib/gcc/avr/4.3.3/avr5\libgcc.a(_clz.o)
                              c:/winavr-20100110/bin/../lib/gcc/avr/4.3.3/avr5\libgcc.a(_udivdi3.o) (__clz_tab)
c:/winavr-20100110/bin/../lib/gcc/avr/4.3.3/avr5\libgcc.a(_pack_sf.o)
                              c:/winavr-20100110/bin/../lib/gcc/avr/4.3.3/avr5\libgcc.a(_addsub_sf.o) (__pack_f)
c:/winavr-20100110/bin/../lib/gcc/avr/4.3.3/avr5\libgcc.a(_unpack_sf.o)
                              c:/winavr-20100110/bin/../lib/gcc/avr/4.3.3/avr5\libgcc.a(_addsub_sf.o) (__unpack_f)
c:/winavr-20100110/bin/../lib/gcc/avr/4.3.3/avr5\libgcc.a(_fpcmp_parts_sf.o)
                              c:/winavr-20100110/bin/../lib/gcc/avr/4.3.3/avr5\libgcc.a(_gt_sf.o) (__fpcmp_parts_f)

Allocating common symbols
Common symbol       size              file

t3                  0x2               ./Services/Timers_Services.o
t2                  0x2               ./Services/Timers_Services.o
t1                  0x2               ./Services/Timers_Services.o

Memory Configuration

Name             Origin             Length             Attributes
text             0x00000000         0x00020000         xr
data             0x00800060         0x0000ffa0         rw !x
eeprom           0x00810000         0x00010000         rw !x
fuse             0x00820000         0x00000400         rw !x
lock             0x00830000         0x00000400         rw !x
signature        0x00840000         0x00000400         rw !x
*default*        0x00000000         0xffffffff

Linker script and memory map

LOAD c:/winavr-20100110/bin/../lib/gcc/avr/4.3.3/../../../../avr/lib/avr5/crtm32.o
LOAD ./Services/Timers_Services.o
LOAD ./Services/UART_Services.o
LOAD ./Services/UART_Stack.o
LOAD ./Mcal/DIO.o
LOAD ./Mcal/DIO_Lcfg.o
LOAD ./Mcal/EX_Interrupt.o
LOAD ./Mcal/Timers.o
LOAD ./Mcal/UART.o
LOAD ./HAL/LCD.o
LOAD ./HAL/Servo.o
LOAD ./HAL/ultrasonic.o
LOAD ./main.o
LOAD c:/winavr-20100110/bin/../lib/gcc/avr/4.3.3/avr5\libgcc.a
LOAD c:/winavr-20100110/bin/../lib/gcc/avr/4.3.3/../../../../avr/lib/avr5\libc.a
LOAD c:/winavr-20100110/bin/../lib/gcc/avr/4.3.3/avr5\libgcc.a

.hash
 *(.hash)

.dynsym
 *(.dynsym)

.dynstr
 *(.dynstr)

.gnu.version
 *(.gnu.version)

.gnu.version_d
 *(.gnu.version_d)

.gnu.version_r
 *(.gnu.version_r)

.rel.init
 *(.rel.init)

.rela.init
 *(.rela.init)

.rel.text
 *(.rel.text)
 *(.rel.text.*)
 *(.rel.gnu.linkonce.t*)

.rela.text
 *(.rela.text)
 *(.rela.text.*)
 *(.rela.gnu.linkonce.t*)

.rel.fini
 *(.rel.fini)

.rela.fini
 *(.rela.fini)

.rel.rodata
 *(.rel.rodata)
 *(.rel.rodata.*)
 *(.rel.gnu.linkonce.r*)

.rela.rodata
 *(.rela.rodata)
 *(.rela.rodata.*)
 *(.rela.gnu.linkonce.r*)

.rel.data
 *(.rel.data)
 *(.rel.data.*)
 *(.rel.gnu.linkonce.d*)

.rela.data
 *(.rela.data)
 *(.rela.data.*)
 *(.rela.gnu.linkonce.d*)

.rel.ctors
 *(.rel.ctors)

.rela.ctors
 *(.rela.ctors)

.rel.dtors
 *(.rel.dtors)

.rela.dtors
 *(.rela.dtors)

.rel.got
 *(.rel.got)

.rela.got
 *(.rela.got)

.rel.bss
 *(.rel.bss)

.rela.bss
 *(.rela.bss)

.rel.plt
 *(.rel.plt)

.rela.plt
 *(.rela.plt)

.text           0x00000000     0x661a
 *(.vectors)
 .vectors       0x00000000       0x54 c:/winavr-20100110/bin/../lib/gcc/avr/4.3.3/../../../../avr/lib/avr5/crtm32.o
                0x00000000                __vectors
                0x00000000                __vector_default
 *(.vectors)
 *(.progmem.gcc*)
 *(.progmem*)
                0x00000054                . = ALIGN (0x2)
                0x00000054                __trampolines_start = .
 *(.trampolines)
 .trampolines   0x00000054        0x0 linker stubs
 *(.trampolines*)
                0x00000054                __trampolines_end = .
 *(.jumptables)
 *(.jumptables*)
 *(.lowtext)
 *(.lowtext*)
                0x00000054                __ctors_start = .
 *(.ctors)
                0x00000054                __ctors_end = .
                0x00000054                __dtors_start = .
 *(.dtors)
                0x00000054                __dtors_end = .
 SORT(*)(.ctors)
 SORT(*)(.dtors)
 *(.init0)
 .init0         0x00000054        0x0 c:/winavr-20100110/bin/../lib/gcc/avr/4.3.3/../../../../avr/lib/avr5/crtm32.o
                0x00000054                __init
 *(.init0)
 *(.init1)
 *(.init1)
 *(.init2)
 .init2         0x00000054        0xc c:/winavr-20100110/bin/../lib/gcc/avr/4.3.3/../../../../avr/lib/avr5/crtm32.o
 *(.init2)
 *(.init3)
 *(.init3)
 *(.init4)
 .init4         0x00000060       0x16 c:/winavr-20100110/bin/../lib/gcc/avr/4.3.3/avr5\libgcc.a(_copy_data.o)
                0x00000060                __do_copy_data
 .init4         0x00000076       0x10 c:/winavr-20100110/bin/../lib/gcc/avr/4.3.3/avr5\libgcc.a(_clear_bss.o)
                0x00000076                __do_clear_bss
 *(.init4)
 *(.init5)
 *(.init5)
 *(.init6)
 *(.init6)
 *(.init7)
 *(.init7)
 *(.init8)
 *(.init8)
 *(.init9)
 .init9         0x00000086        0x8 c:/winavr-20100110/bin/../lib/gcc/avr/4.3.3/../../../../avr/lib/avr5/crtm32.o
 *(.init9)
 *(.text)
 .text          0x0000008e        0x4 c:/winavr-20100110/bin/../lib/gcc/avr/4.3.3/../../../../avr/lib/avr5/crtm32.o
                0x0000008e                __vector_12
                0x0000008e                __bad_interrupt
                0x0000008e                __vector_6
                0x0000008e                __vector_11
                0x0000008e                __vector_17
                0x0000008e                __vector_19
                0x0000008e                __vector_7
                0x0000008e                __vector_5
                0x0000008e                __vector_4
                0x0000008e                __vector_8
                0x0000008e                __vector_14
                0x0000008e                __vector_10
                0x0000008e                __vector_16
                0x0000008e                __vector_18
                0x0000008e                __vector_20
 .text          0x00000092        0x0 ./Services/Timers_Services.o
 .text          0x00000092        0x0 ./Services/UART_Services.o
 .text          0x00000092        0x0 ./Services/UART_Stack.o
 .text          0x00000092        0x0 ./Mcal/DIO.o
 .text          0x00000092        0x0 ./Mcal/DIO_Lcfg.o
 .text          0x00000092        0x0 ./Mcal/EX_Interrupt.o
 .text          0x00000092        0x0 ./Mcal/Timers.o
 .text          0x00000092        0x0 ./Mcal/UART.o
 .text          0x00000092        0x0 ./HAL/LCD.o
 .text          0x00000092        0x0 ./HAL/Servo.o
 .text          0x00000092        0x0 ./HAL/ultrasonic.o
 .text          0x00000092        0x0 ./main.o
 .text          0x00000092        0x0 c:/winavr-20100110/bin/../lib/gcc/avr/4.3.3/avr5\libgcc.a(_mulsi3.o)
 .text          0x00000092        0x0 c:/winavr-20100110/bin/../lib/gcc/avr/4.3.3/avr5\libgcc.a(_udivmodhi4.o)
 .text          0x00000092        0x0 c:/winavr-20100110/bin/../lib/gcc/avr/4.3.3/avr5\libgcc.a(_udivmodsi4.o)
 .text          0x00000092        0x0 c:/winavr-20100110/bin/../lib/gcc/avr/4.3.3/avr5\libgcc.a(_exit.o)
 .text          0x00000092        0x0 c:/winavr-20100110/bin/../lib/gcc/avr/4.3.3/avr5\libgcc.a(_copy_data.o)
 .text          0x00000092        0x0 c:/winavr-20100110/bin/../lib/gcc/avr/4.3.3/avr5\libgcc.a(_clear_bss.o)
 .text          0x00000092       0x58 c:/winavr-20100110/bin/../lib/gcc/avr/4.3.3/avr5\libgcc.a(_fixunssfsi.o)
                0x00000092                __fixunssfsi
 .text          0x000000ea      0xcea c:/winavr-20100110/bin/../lib/gcc/avr/4.3.3/avr5\libgcc.a(_udivdi3.o)
                0x000000ea                __udivdi3
 .text          0x00000dd4      0xce0 c:/winavr-20100110/bin/../lib/gcc/avr/4.3.3/avr5\libgcc.a(_umoddi3.o)
                0x00000dd4                __umoddi3
 .text          0x00001ab4      0x354 c:/winavr-20100110/bin/../lib/gcc/avr/4.3.3/avr5\libgcc.a(_addsub_sf.o)
                0x00001d4c                __subsf3
                0x00001dae                __addsf3
 .text          0x00001e08      0x1f4 c:/winavr-20100110/bin/../lib/gcc/avr/4.3.3/avr5\libgcc.a(_mul_sf.o)
                0x00001e08                __mulsf3
 .text          0x00001ffc      0x158 c:/winavr-20100110/bin/../lib/gcc/avr/4.3.3/avr5\libgcc.a(_div_sf.o)
                0x00001ffc                __divsf3
 .text          0x00002154       0x60 c:/winavr-20100110/bin/../lib/gcc/avr/4.3.3/avr5\libgcc.a(_gt_sf.o)
                0x00002154                __gtsf2
 .text          0x000021b4       0x60 c:/winavr-20100110/bin/../lib/gcc/avr/4.3.3/avr5\libgcc.a(_ge_sf.o)
                0x000021b4                __gesf2
 .text          0x00002214       0x60 c:/winavr-20100110/bin/../lib/gcc/avr/4.3.3/avr5\libgcc.a(_lt_sf.o)
                0x00002214                __ltsf2
 .text          0x00002274       0xa8 c:/winavr-20100110/bin/../lib/gcc/avr/4.3.3/avr5\libgcc.a(_sf_to_si.o)
                0x00002274                __fixsfsi
 .text          0x0000231c        0x0 c:/winavr-20100110/bin/../lib/gcc/avr/4.3.3/avr5\libgcc.a(_thenan_sf.o)
 .text          0x0000231c        0x0 c:/winavr-20100110/bin/../lib/gcc/avr/4.3.3/avr5\libgcc.a(_prologue.o)
 .text          0x0000231c        0x0 c:/winavr-20100110/bin/../lib/gcc/avr/4.3.3/avr5\libgcc.a(_epilogue.o)
 .text          0x0000231c        0x0 c:/winavr-20100110/bin/../lib/gcc/avr/4.3.3/avr5\libgcc.a(_clz.o)
 .text          0x0000231c      0x1aa c:/winavr-20100110/bin/../lib/gcc/avr/4.3.3/avr5\libgcc.a(_pack_sf.o)
                0x0000231c                __pack_f
 .text          0x000024c6       0xf0 c:/winavr-20100110/bin/../lib/gcc/avr/4.3.3/avr5\libgcc.a(_unpack_sf.o)
                0x000024c6                __unpack_f
 .text          0x000025b6       0xb2 c:/winavr-20100110/bin/../lib/gcc/avr/4.3.3/avr5\libgcc.a(_fpcmp_parts_sf.o)
                0x000025b6                __fpcmp_parts_f
                0x00002668                . = ALIGN (0x2)
 *(.text.*)
 .text.PWM_Init
                0x00002668       0x1a ./Services/Timers_Services.o
                0x00002668                PWM_Init
 .text.PWM_Freq_KHZ
                0x00002682       0x5a ./Services/Timers_Services.o
                0x00002682                PWM_Freq_KHZ
 .text.PWM_Freq_HZ
                0x000026dc       0x68 ./Services/Timers_Services.o
                0x000026dc                PWM_Freq_HZ
 .text.PWM_Duty
                0x00002744       0x98 ./Services/Timers_Services.o
                0x00002744                PWM_Duty
 .text.Timer1_SetInterruptTime_ms
                0x000027dc       0x5c ./Services/Timers_Services.o
                0x000027dc                Timer1_SetInterruptTime_ms
 .text.Timer1_SetInterruptTime_us
                0x00002838       0x48 ./Services/Timers_Services.o
                0x00002838                Timer1_SetInterruptTime_us
 .text.PWM_Measure2
                0x00002880      0x11c ./Services/Timers_Services.o
                0x00002880                PWM_Measure2
 .text.PWM_Measure
                0x0000299c      0x12e ./Services/Timers_Services.o
                0x0000299c                PWM_Measure
 .text.Func_ICU
                0x00002aca       0x9e ./Services/Timers_Services.o
 .text.UART_SendString
                0x00002b68       0x52 ./Services/UART_Services.o
                0x00002b68                UART_SendString
 .text.UART_SendString_Asynch
                0x00002bba       0x3a ./Services/UART_Services.o
                0x00002bba                UART_SendString_Asynch
 .text.Func_TX  0x00002bf4       0x5c ./Services/UART_Services.o
 .text.UART_SendString_Asynch_NocodeInInt
                0x00002c50       0x70 ./Services/UART_Services.o
                0x00002c50                UART_SendString_Asynch_NocodeInInt
 .text.Send_Int_Function2
                0x00002cc0       0x14 ./Services/UART_Services.o
 .text.UART_ReceiveString
                0x00002cd4       0x86 ./Services/UART_Services.o
                0x00002cd4                UART_ReceiveString
 .text.UART_ReceiveString_Asynch
                0x00002d5a       0x30 ./Services/UART_Services.o
                0x00002d5a                UART_ReceiveString_Asynch
 .text.Receive_Int_Function
                0x00002d8a       0x3e ./Services/UART_Services.o
 .text.UART_SendString_MYProtocol
                0x00002dc8       0xac ./Services/UART_Services.o
                0x00002dc8                UART_SendString_MYProtocol
 .text.UART_ReceiveString_MyProtocol
                0x00002e74       0xd0 ./Services/UART_Services.o
                0x00002e74                UART_ReceiveString_MyProtocol
 .text.Push     0x00002f44       0x46 ./Services/UART_Stack.o
                0x00002f44                Push
 .text.Pop      0x00002f8a       0x4e ./Services/UART_Stack.o
                0x00002f8a                Pop
 .text.DIO_Init
                0x00002fd8      0x460 ./Mcal/DIO.o
                0x00002fd8                DIO_Init
 .text.DIO_WritePort
                0x00003438       0x82 ./Mcal/DIO.o
                0x00003438                DIO_WritePort
 .text.DIO_WriteBitsInPort
                0x000034ba      0x10a ./Mcal/DIO.o
                0x000034ba                DIO_WriteBitsInPort
 .text.DIO_ReadPort
                0x000035c4       0x86 ./Mcal/DIO.o
                0x000035c4                DIO_ReadPort
 .text.DIO_WritePin
                0x0000364a      0x1d6 ./Mcal/DIO.o
                0x0000364a                DIO_WritePin
 .text.DIO_TogglePin
                0x00003820      0x10c ./Mcal/DIO.o
                0x00003820                DIO_TogglePin
 .text.DIO_ReadPin
                0x0000392c      0x10e ./Mcal/DIO.o
                0x0000392c                DIO_ReadPin
 .text.EXI_SetCallBack
                0x00003a3a       0x72 ./Mcal/EX_Interrupt.o
                0x00003a3a                EXI_SetCallBack
 .text.EXI_Enable
                0x00003aac       0x6e ./Mcal/EX_Interrupt.o
                0x00003aac                EXI_Enable
 .text.EXI_Disable
                0x00003b1a       0x6e ./Mcal/EX_Interrupt.o
                0x00003b1a                EXI_Disable
 .text.EXI_TriggerEdge
                0x00003b88      0x210 ./Mcal/EX_Interrupt.o
                0x00003b88                EXI_TriggerEdge
 .text.__vector_1
                0x00003d98       0x66 ./Mcal/EX_Interrupt.o
                0x00003d98                __vector_1
 .text.__vector_2
                0x00003dfe       0x66 ./Mcal/EX_Interrupt.o
                0x00003dfe                __vector_2
 .text.__vector_3
                0x00003e64       0x66 ./Mcal/EX_Interrupt.o
                0x00003e64                __vector_3
 .text.Timer0_Init
                0x00003eca      0x1b2 ./Mcal/Timers.o
                0x00003eca                Timer0_Init
 .text.Timer0_OV_InterruptEnable
                0x0000407c       0x1c ./Mcal/Timers.o
                0x0000407c                Timer0_OV_InterruptEnable
 .text.Timer0_OV_InterruptDisable
                0x00004098       0x1c ./Mcal/Timers.o
                0x00004098                Timer0_OV_InterruptDisable
 .text.Timer0_OC_InterruptEnable
                0x000040b4       0x1c ./Mcal/Timers.o
                0x000040b4                Timer0_OC_InterruptEnable
 .text.Timer0_OC_InterruptDisable
                0x000040d0       0x1c ./Mcal/Timers.o
                0x000040d0                Timer0_OC_InterruptDisable
 .text.Timer1_Init
                0x000040ec      0x322 ./Mcal/Timers.o
                0x000040ec                Timer1_Init
 .text.Timer1_InputCaptureEdge
                0x0000440e       0x3e ./Mcal/Timers.o
                0x0000440e                Timer1_InputCaptureEdge
 .text.Timer1_ICU_InterruptEnable
                0x0000444c       0x1c ./Mcal/Timers.o
                0x0000444c                Timer1_ICU_InterruptEnable
 .text.Timer1_ICU_InterruptDisable
                0x00004468       0x1c ./Mcal/Timers.o
                0x00004468                Timer1_ICU_InterruptDisable
 .text.Timer1_OVF_InterruptEnable
                0x00004484       0x1c ./Mcal/Timers.o
                0x00004484                Timer1_OVF_InterruptEnable
 .text.Timer1_OVF_InterruptDisable
                0x000044a0       0x1c ./Mcal/Timers.o
                0x000044a0                Timer1_OVF_InterruptDisable
 .text.Timer1_OCA_InterruptEnable
                0x000044bc       0x1c ./Mcal/Timers.o
                0x000044bc                Timer1_OCA_InterruptEnable
 .text.Timer1_OCA_InterruptDisable
                0x000044d8       0x1c ./Mcal/Timers.o
                0x000044d8                Timer1_OCA_InterruptDisable
 .text.Timer1_OCB_InterruptEnable
                0x000044f4       0x1c ./Mcal/Timers.o
                0x000044f4                Timer1_OCB_InterruptEnable
 .text.Timer1_OCB_InterruptDisable
                0x00004510       0x1c ./Mcal/Timers.o
                0x00004510                Timer1_OCB_InterruptDisable
 .text.Timer1_OVF_SetCallBack
                0x0000452c       0x24 ./Mcal/Timers.o
                0x0000452c                Timer1_OVF_SetCallBack
 .text.Timer1_OCA_SetCallBack
                0x00004550       0x24 ./Mcal/Timers.o
                0x00004550                Timer1_OCA_SetCallBack
 .text.Timer1_OCB_SetCallBack
                0x00004574       0x24 ./Mcal/Timers.o
                0x00004574                Timer1_OCB_SetCallBack
 .text.Timer1_ICU_SetCallBack
                0x00004598       0x24 ./Mcal/Timers.o
                0x00004598                Timer1_ICU_SetCallBack
 .text.__vector_9
                0x000045bc       0x66 ./Mcal/Timers.o
                0x000045bc                __vector_9
 .text.TIMER1_OCA_vect
                0x00004622       0x66 ./Mcal/Timers.o
                0x00004622                TIMER1_OCA_vect
 .text.TIMER1_OCB_vect
                0x00004688       0x66 ./Mcal/Timers.o
                0x00004688                TIMER1_OCB_vect
 .text.TIMER1_ICU_vect
                0x000046ee       0x66 ./Mcal/Timers.o
                0x000046ee                TIMER1_ICU_vect
 .text.UART_Init
                0x00004754       0xaa ./Mcal/UART.o
                0x00004754                UART_Init
 .text.UART_RX_InterruptEnable
                0x000047fe       0x1c ./Mcal/UART.o
                0x000047fe                UART_RX_InterruptEnable
 .text.UART_RX_InterruptDisable
                0x0000481a       0x1c ./Mcal/UART.o
                0x0000481a                UART_RX_InterruptDisable
 .text.UART_TX_InterruptEnable
                0x00004836       0x1c ./Mcal/UART.o
                0x00004836                UART_TX_InterruptEnable
 .text.UART_TX_InterruptDisable
                0x00004852       0x1c ./Mcal/UART.o
                0x00004852                UART_TX_InterruptDisable
 .text.UART_RX_SetCallBack
                0x0000486e       0x24 ./Mcal/UART.o
                0x0000486e                UART_RX_SetCallBack
 .text.UART_TX_SetCallBack
                0x00004892       0x24 ./Mcal/UART.o
                0x00004892                UART_TX_SetCallBack
 .text.__vector_13
                0x000048b6       0x66 ./Mcal/UART.o
                0x000048b6                __vector_13
 .text.__vector_15
                0x0000491c       0x66 ./Mcal/UART.o
                0x0000491c                __vector_15
 .text.UART_SendByteNoBlock
                0x00004982       0x1c ./Mcal/UART.o
                0x00004982                UART_SendByteNoBlock
 .text.UART_ReceiveByteNoBlock
                0x0000499e       0x14 ./Mcal/UART.o
                0x0000499e                UART_ReceiveByteNoBlock
 .text.UART_SendByte
                0x000049b2       0x34 ./Mcal/UART.o
                0x000049b2                UART_SendByte
 .text.UART_ReceiveByte
                0x000049e6       0x1e ./Mcal/UART.o
                0x000049e6                UART_ReceiveByte
 .text.UART_Receive_NoBlock
                0x00004a04       0x3e ./Mcal/UART.o
                0x00004a04                UART_Receive_NoBlock
 .text.LCD_WriteCommand
                0x00004a42      0x47a ./HAL/LCD.o
 .text.LCD_WriteData
                0x00004ebc      0x47a ./HAL/LCD.o
 .text.LCD_Init
                0x00005336      0x4f0 ./HAL/LCD.o
                0x00005336                LCD_Init
 .text.LCD_WriteChar
                0x00005826       0x1a ./HAL/LCD.o
                0x00005826                LCD_WriteChar
 .text.LCD_WriteSentence
                0x00005840       0x54 ./HAL/LCD.o
                0x00005840                LCD_WriteSentence
 .text.LCD_GoTo
                0x00005894       0x42 ./HAL/LCD.o
                0x00005894                LCD_GoTo
 .text.LCD_WriteNumber
                0x000058d6      0x1b0 ./HAL/LCD.o
                0x000058d6                LCD_WriteNumber
 .text.LCD_WriteNumber2
                0x00005a86       0x8c ./HAL/LCD.o
                0x00005a86                LCD_WriteNumber2
 .text.Create_Character
                0x00005b12       0x60 ./HAL/LCD.o
                0x00005b12                Create_Character
 .text.LCD_Clear
                0x00005b72       0x14 ./HAL/LCD.o
                0x00005b72                LCD_Clear
 .text.SERVO_Init
                0x00005b86       0x32 ./HAL/Servo.o
                0x00005b86                SERVO_Init
 .text.SERVO_SetAngle
                0x00005bb8       0x5c ./HAL/Servo.o
                0x00005bb8                SERVO_SetAngle
 .text.ULTRASONIC_Init
                0x00005c14       0x2a ./HAL/ultrasonic.o
                0x00005c14                ULTRASONIC_Init
 .text.ULTRASONIC_GetDistance
                0x00005c3e      0x23c ./HAL/ultrasonic.o
                0x00005c3e                ULTRASONIC_GetDistance
 .text.ULTRASONIC_Start
                0x00005e7a      0x1d0 ./HAL/ultrasonic.o
                0x00005e7a                ULTRASONIC_Start
 .text.ULTRASONIC_GetDistanceNoBlock
                0x0000604a       0xaa ./HAL/ultrasonic.o
                0x0000604a                ULTRASONIC_GetDistanceNoBlock
 .text.ULTRASONIC_GetDistance2
                0x000060f4      0x1f4 ./HAL/ultrasonic.o
                0x000060f4                ULTRASONIC_GetDistance2
 .text.Func_ICU
                0x000062e8       0x7e ./HAL/ultrasonic.o
 .text.Func_OVF
                0x00006366       0x20 ./HAL/ultrasonic.o
 .text.main     0x00006386      0x178 ./main.o
                0x00006386                main
 .text.libgcc   0x000064fe       0x3e c:/winavr-20100110/bin/../lib/gcc/avr/4.3.3/avr5\libgcc.a(_mulsi3.o)
                0x000064fe                __mulsi3
 .text.libgcc   0x0000653c       0x28 c:/winavr-20100110/bin/../lib/gcc/avr/4.3.3/avr5\libgcc.a(_udivmodhi4.o)
                0x0000653c                __udivmodhi4
 .text.libgcc   0x00006564       0x44 c:/winavr-20100110/bin/../lib/gcc/avr/4.3.3/avr5\libgcc.a(_udivmodsi4.o)
                0x00006564                __udivmodsi4
 .text.libgcc   0x000065a8        0x0 c:/winavr-20100110/bin/../lib/gcc/avr/4.3.3/avr5\libgcc.a(_exit.o)
 .text.libgcc   0x000065a8        0x0 c:/winavr-20100110/bin/../lib/gcc/avr/4.3.3/avr5\libgcc.a(_copy_data.o)
 .text.libgcc   0x000065a8        0x0 c:/winavr-20100110/bin/../lib/gcc/avr/4.3.3/avr5\libgcc.a(_clear_bss.o)
 .text.libgcc   0x000065a8       0x38 c:/winavr-20100110/bin/../lib/gcc/avr/4.3.3/avr5\libgcc.a(_prologue.o)
                0x000065a8                __prologue_saves__
 .text.libgcc   0x000065e0       0x36 c:/winavr-20100110/bin/../lib/gcc/avr/4.3.3/avr5\libgcc.a(_epilogue.o)
                0x000065e0                __epilogue_restores__
                0x00006616                . = ALIGN (0x2)
 *(.fini9)
 .fini9         0x00006616        0x0 c:/winavr-20100110/bin/../lib/gcc/avr/4.3.3/avr5\libgcc.a(_exit.o)
                0x00006616                exit
                0x00006616                _exit
 *(.fini9)
 *(.fini8)
 *(.fini8)
 *(.fini7)
 *(.fini7)
 *(.fini6)
 *(.fini6)
 *(.fini5)
 *(.fini5)
 *(.fini4)
 *(.fini4)
 *(.fini3)
 *(.fini3)
 *(.fini2)
 *(.fini2)
 *(.fini1)
 *(.fini1)
 *(.fini0)
 .fini0         0x00006616        0x4 c:/winavr-20100110/bin/../lib/gcc/avr/4.3.3/avr5\libgcc.a(_exit.o)
 *(.fini0)
                0x0000661a                _etext = .

.data           0x00800060      0x17a load address 0x0000661a
                0x00800060                PROVIDE (__data_start, .)
 *(.data)
 .data          0x00800060        0x0 c:/winavr-20100110/bin/../lib/gcc/avr/4.3.3/../../../../avr/lib/avr5/crtm32.o
 .data          0x00800060        0x0 ./Services/Timers_Services.o
 .data          0x00800060        0x0 ./Services/UART_Services.o
 .data          0x00800060        0x0 ./Services/UART_Stack.o
 .data          0x00800060        0x0 ./Mcal/DIO.o
 .data          0x00800060        0x0 ./Mcal/DIO_Lcfg.o
 .data          0x00800060        0x0 ./Mcal/EX_Interrupt.o
 .data          0x00800060        0x0 ./Mcal/Timers.o
 .data          0x00800060        0x0 ./Mcal/UART.o
 .data          0x00800060        0x0 ./HAL/LCD.o
 .data          0x00800060        0x0 ./HAL/Servo.o
 .data          0x00800060        0x0 ./HAL/ultrasonic.o
 .data          0x00800060        0x7 ./main.o
 .data          0x00800067        0x0 c:/winavr-20100110/bin/../lib/gcc/avr/4.3.3/avr5\libgcc.a(_mulsi3.o)
 .data          0x00800067        0x0 c:/winavr-20100110/bin/../lib/gcc/avr/4.3.3/avr5\libgcc.a(_udivmodhi4.o)
 .data          0x00800067        0x0 c:/winavr-20100110/bin/../lib/gcc/avr/4.3.3/avr5\libgcc.a(_udivmodsi4.o)
 .data          0x00800067        0x0 c:/winavr-20100110/bin/../lib/gcc/avr/4.3.3/avr5\libgcc.a(_exit.o)
 .data          0x00800067        0x0 c:/winavr-20100110/bin/../lib/gcc/avr/4.3.3/avr5\libgcc.a(_copy_data.o)
 .data          0x00800067        0x0 c:/winavr-20100110/bin/../lib/gcc/avr/4.3.3/avr5\libgcc.a(_clear_bss.o)
 .data          0x00800067        0x0 c:/winavr-20100110/bin/../lib/gcc/avr/4.3.3/avr5\libgcc.a(_fixunssfsi.o)
 .data          0x00800067        0x0 c:/winavr-20100110/bin/../lib/gcc/avr/4.3.3/avr5\libgcc.a(_udivdi3.o)
 .data          0x00800067        0x0 c:/winavr-20100110/bin/../lib/gcc/avr/4.3.3/avr5\libgcc.a(_umoddi3.o)
 .data          0x00800067        0x0 c:/winavr-20100110/bin/../lib/gcc/avr/4.3.3/avr5\libgcc.a(_addsub_sf.o)
 .data          0x00800067        0x0 c:/winavr-20100110/bin/../lib/gcc/avr/4.3.3/avr5\libgcc.a(_mul_sf.o)
 .data          0x00800067        0x0 c:/winavr-20100110/bin/../lib/gcc/avr/4.3.3/avr5\libgcc.a(_div_sf.o)
 .data          0x00800067        0x0 c:/winavr-20100110/bin/../lib/gcc/avr/4.3.3/avr5\libgcc.a(_gt_sf.o)
 .data          0x00800067        0x0 c:/winavr-20100110/bin/../lib/gcc/avr/4.3.3/avr5\libgcc.a(_ge_sf.o)
 .data          0x00800067        0x0 c:/winavr-20100110/bin/../lib/gcc/avr/4.3.3/avr5\libgcc.a(_lt_sf.o)
 .data          0x00800067        0x0 c:/winavr-20100110/bin/../lib/gcc/avr/4.3.3/avr5\libgcc.a(_sf_to_si.o)
 .data          0x00800067        0x8 c:/winavr-20100110/bin/../lib/gcc/avr/4.3.3/avr5\libgcc.a(_thenan_sf.o)
                0x00800067                __thenan_sf
 .data          0x0080006f        0x0 c:/winavr-20100110/bin/../lib/gcc/avr/4.3.3/avr5\libgcc.a(_prologue.o)
 .data          0x0080006f        0x0 c:/winavr-20100110/bin/../lib/gcc/avr/4.3.3/avr5\libgcc.a(_epilogue.o)
 .data          0x0080006f      0x100 c:/winavr-20100110/bin/../lib/gcc/avr/4.3.3/avr5\libgcc.a(_clz.o)
                0x0080006f                __clz_tab
 .data          0x0080016f        0x0 c:/winavr-20100110/bin/../lib/gcc/avr/4.3.3/avr5\libgcc.a(_pack_sf.o)
 .data          0x0080016f        0x0 c:/winavr-20100110/bin/../lib/gcc/avr/4.3.3/avr5\libgcc.a(_unpack_sf.o)
 .data          0x0080016f        0x0 c:/winavr-20100110/bin/../lib/gcc/avr/4.3.3/avr5\libgcc.a(_fpcmp_parts_sf.o)
 *(.data*)
 .data.flag     0x0080016f        0x1 ./Services/UART_Services.o
 .data.i.1257   0x00800170        0x1 ./Services/UART_Services.o
 *(.rodata)
 *(.rodata*)
 .rodata.PinsStatus
                0x00800171       0x20 ./Mcal/DIO_Lcfg.o
                0x00800171                PinsStatus
 .rodata.BaudRateArray
                0x00800191       0x48 ./Mcal/UART.o
                0x00800191                BaudRateArray
 *(.gnu.linkonce.d*)
                0x008001da                . = ALIGN (0x2)
 *fill*         0x008001d9        0x1 00
                0x008001da                _edata = .
                0x008001da                PROVIDE (__data_end, .)

.bss            0x008001da       0x33
                0x008001da                PROVIDE (__bss_start, .)
 *(.bss)
 .bss           0x008001da        0x0 c:/winavr-20100110/bin/../lib/gcc/avr/4.3.3/../../../../avr/lib/avr5/crtm32.o
 .bss           0x008001da        0x0 ./Services/Timers_Services.o
 .bss           0x008001da        0x0 ./Services/UART_Services.o
 .bss           0x008001da        0x0 ./Services/UART_Stack.o
 .bss           0x008001da        0x0 ./Mcal/DIO.o
 .bss           0x008001da        0x0 ./Mcal/DIO_Lcfg.o
 .bss           0x008001da        0x0 ./Mcal/EX_Interrupt.o
 .bss           0x008001da        0x0 ./Mcal/Timers.o
 .bss           0x008001da        0x0 ./Mcal/UART.o
 .bss           0x008001da        0x0 ./HAL/LCD.o
 .bss           0x008001da        0x0 ./HAL/Servo.o
 .bss           0x008001da        0x0 ./HAL/ultrasonic.o
 .bss           0x008001da        0x0 ./main.o
 .bss           0x008001da        0x0 c:/winavr-20100110/bin/../lib/gcc/avr/4.3.3/avr5\libgcc.a(_mulsi3.o)
 .bss           0x008001da        0x0 c:/winavr-20100110/bin/../lib/gcc/avr/4.3.3/avr5\libgcc.a(_udivmodhi4.o)
 .bss           0x008001da        0x0 c:/winavr-20100110/bin/../lib/gcc/avr/4.3.3/avr5\libgcc.a(_udivmodsi4.o)
 .bss           0x008001da        0x0 c:/winavr-20100110/bin/../lib/gcc/avr/4.3.3/avr5\libgcc.a(_exit.o)
 .bss           0x008001da        0x0 c:/winavr-20100110/bin/../lib/gcc/avr/4.3.3/avr5\libgcc.a(_copy_data.o)
 .bss           0x008001da        0x0 c:/winavr-20100110/bin/../lib/gcc/avr/4.3.3/avr5\libgcc.a(_clear_bss.o)
 .bss           0x008001da        0x0 c:/winavr-20100110/bin/../lib/gcc/avr/4.3.3/avr5\libgcc.a(_fixunssfsi.o)
 .bss           0x008001da        0x0 c:/winavr-20100110/bin/../lib/gcc/avr/4.3.3/avr5\libgcc.a(_udivdi3.o)
 .bss           0x008001da        0x0 c:/winavr-20100110/bin/../lib/gcc/avr/4.3.3/avr5\libgcc.a(_umoddi3.o)
 .bss           0x008001da        0x0 c:/winavr-20100110/bin/../lib/gcc/avr/4.3.3/avr5\libgcc.a(_addsub_sf.o)
 .bss           0x008001da        0x0 c:/winavr-20100110/bin/../lib/gcc/avr/4.3.3/avr5\libgcc.a(_mul_sf.o)
 .bss           0x008001da        0x0 c:/winavr-20100110/bin/../lib/gcc/avr/4.3.3/avr5\libgcc.a(_div_sf.o)
 .bss           0x008001da        0x0 c:/winavr-20100110/bin/../lib/gcc/avr/4.3.3/avr5\libgcc.a(_gt_sf.o)
 .bss           0x008001da        0x0 c:/winavr-20100110/bin/../lib/gcc/avr/4.3.3/avr5\libgcc.a(_ge_sf.o)
 .bss           0x008001da        0x0 c:/winavr-20100110/bin/../lib/gcc/avr/4.3.3/avr5\libgcc.a(_lt_sf.o)
 .bss           0x008001da        0x0 c:/winavr-20100110/bin/../lib/gcc/avr/4.3.3/avr5\libgcc.a(_sf_to_si.o)
 .bss           0x008001da        0x0 c:/winavr-20100110/bin/../lib/gcc/avr/4.3.3/avr5\libgcc.a(_thenan_sf.o)
 .bss           0x008001da        0x0 c:/winavr-20100110/bin/../lib/gcc/avr/4.3.3/avr5\libgcc.a(_prologue.o)
 .bss           0x008001da        0x0 c:/winavr-20100110/bin/../lib/gcc/avr/4.3.3/avr5\libgcc.a(_epilogue.o)
 .bss           0x008001da        0x0 c:/winavr-20100110/bin/../lib/gcc/avr/4.3.3/avr5\libgcc.a(_clz.o)
 .bss           0x008001da        0x0 c:/winavr-20100110/bin/../lib/gcc/avr/4.3.3/avr5\libgcc.a(_pack_sf.o)
 .bss           0x008001da        0x0 c:/winavr-20100110/bin/../lib/gcc/avr/4.3.3/avr5\libgcc.a(_unpack_sf.o)
 .bss           0x008001da        0x0 c:/winavr-20100110/bin/../lib/gcc/avr/4.3.3/avr5\libgcc.a(_fpcmp_parts_sf.o)
 *(.bss*)
 .bss.flag      0x008001da        0x2 ./Services/Timers_Services.o
                0x008001da                flag
 .bss.i.1276    0x008001dc        0x1 ./Services/UART_Services.o
 .bss.i.1320    0x008001dd        0x1 ./Services/UART_Services.o
 .bss.Asynch_Send_Str
                0x008001de        0x2 ./Services/UART_Services.o
 .bss.Asynch_receive_str
                0x008001e0        0x2 ./Services/UART_Services.o
 .bss.SP        0x008001e2        0x1 ./Services/UART_Stack.o
 .bss.Stack     0x008001e3        0xa ./Services/UART_Stack.o
 .bss.INT0_Fptr
                0x008001ed        0x2 ./Mcal/EX_Interrupt.o
 .bss.INT1_Fptr
                0x008001ef        0x2 ./Mcal/EX_Interrupt.o
 .bss.INT2_Fptr
                0x008001f1        0x2 ./Mcal/EX_Interrupt.o
 .bss.Timer1_OVF_Fptr
                0x008001f3        0x2 ./Mcal/Timers.o
 .bss.Timer1_OCA_Fptr
                0x008001f5        0x2 ./Mcal/Timers.o
 .bss.Timer1_OCB_Fptr
                0x008001f7        0x2 ./Mcal/Timers.o
 .bss.Timer1_ICU_Fptr
                0x008001f9        0x2 ./Mcal/Timers.o
 .bss.UART_RX_Fptr
                0x008001fb        0x2 ./Mcal/UART.o
 .bss.UART_TX_Fptr
                0x008001fd        0x2 ./Mcal/UART.o
 .bss.flag      0x008001ff        0x2 ./HAL/ultrasonic.o
 .bss.c         0x00800201        0x2 ./HAL/ultrasonic.o
 .bss.t1        0x00800203        0x2 ./HAL/ultrasonic.o
 .bss.t2        0x00800205        0x2 ./HAL/ultrasonic.o
 *(COMMON)
 COMMON         0x00800207        0x6 ./Services/Timers_Services.o
                0x00800207                t3
                0x00800209                t2
                0x0080020b                t1
                0x0080020d                PROVIDE (__bss_end, .)
                0x0000661a                __data_load_start = LOADADDR (.data)
                0x00006794                __data_load_end = (__data_load_start + SIZEOF (.data))

.noinit         0x0080020d        0x0
                0x0080020d                PROVIDE (__noinit_start, .)
 *(.noinit*)
                0x0080020d                PROVIDE (__noinit_end, .)
                0x0080020d                _end = .
                0x0080020d                PROVIDE (__heap_start, .)

.eeprom         0x00810000        0x0
 *(.eeprom*)
                0x00810000                __eeprom_end = .

.fuse
 *(.fuse)
 *(.lfuse)
 *(.hfuse)
 *(.efuse)

.lock
 *(.lock*)

.signature
 *(.signature*)

.stab           0x00000000     0x51cc
 *(.stab)
 .stab          0x00000000      0xa20 ./Services/Timers_Services.o
 .stab          0x00000a20      0x780 ./Services/UART_Services.o
                                0x78c (size before relaxing)
 .stab          0x000011a0      0x2d0 ./Services/UART_Stack.o
                                0x2dc (size before relaxing)
 .stab          0x00001470      0x7e0 ./Mcal/DIO.o
                                0x7ec (size before relaxing)
 .stab          0x00001c50       0xf0 ./Mcal/DIO_Lcfg.o
                                0x138 (size before relaxing)
 .stab          0x00001d40      0x480 ./Mcal/EX_Interrupt.o
                                0x4f8 (size before relaxing)
 .stab          0x000021c0      0x9e4 ./Mcal/Timers.o
                                0xa5c (size before relaxing)
 .stab          0x00002ba4      0x6b4 ./Mcal/UART.o
                                0x84c (size before relaxing)
 .stab          0x00003258     0x10bc ./HAL/LCD.o
                               0x1254 (size before relaxing)
 .stab          0x00004314      0x288 ./HAL/Servo.o
                                0x378 (size before relaxing)
 .stab          0x0000459c      0x8e8 ./HAL/ultrasonic.o
                                0xc30 (size before relaxing)
 .stab          0x00004e84      0x348 ./main.o
                                0x5a0 (size before relaxing)

.stabstr        0x00000000     0x3158
 *(.stabstr)
 .stabstr       0x00000000     0x3158 ./Services/Timers_Services.o

.stab.excl
 *(.stab.excl)

.stab.exclstr
 *(.stab.exclstr)

.stab.index
 *(.stab.index)

.stab.indexstr
 *(.stab.indexstr)

.comment
 *(.comment)

.debug
 *(.debug)

.line
 *(.line)

.debug_srcinfo
 *(.debug_srcinfo)

.debug_sfnames
 *(.debug_sfnames)

.debug_aranges  0x00000000      0x1a0
 *(.debug_aranges)
 .debug_aranges
                0x00000000       0x20 c:/winavr-20100110/bin/../lib/gcc/avr/4.3.3/avr5\libgcc.a(_fixunssfsi.o)
 .debug_aranges
                0x00000020       0x20 c:/winavr-20100110/bin/../lib/gcc/avr/4.3.3/avr5\libgcc.a(_udivdi3.o)
 .debug_aranges
                0x00000040       0x20 c:/winavr-20100110/bin/../lib/gcc/avr/4.3.3/avr5\libgcc.a(_umoddi3.o)
 .debug_aranges
                0x00000060       0x20 c:/winavr-20100110/bin/../lib/gcc/avr/4.3.3/avr5\libgcc.a(_addsub_sf.o)
 .debug_aranges
                0x00000080       0x20 c:/winavr-20100110/bin/../lib/gcc/avr/4.3.3/avr5\libgcc.a(_mul_sf.o)
 .debug_aranges
                0x000000a0       0x20 c:/winavr-20100110/bin/../lib/gcc/avr/4.3.3/avr5\libgcc.a(_div_sf.o)
 .debug_aranges
                0x000000c0       0x20 c:/winavr-20100110/bin/../lib/gcc/avr/4.3.3/avr5\libgcc.a(_gt_sf.o)
 .debug_aranges
                0x000000e0       0x20 c:/winavr-20100110/bin/../lib/gcc/avr/4.3.3/avr5\libgcc.a(_ge_sf.o)
 .debug_aranges
                0x00000100       0x20 c:/winavr-20100110/bin/../lib/gcc/avr/4.3.3/avr5\libgcc.a(_lt_sf.o)
 .debug_aranges
                0x00000120       0x20 c:/winavr-20100110/bin/../lib/gcc/avr/4.3.3/avr5\libgcc.a(_sf_to_si.o)
 .debug_aranges
                0x00000140       0x20 c:/winavr-20100110/bin/../lib/gcc/avr/4.3.3/avr5\libgcc.a(_pack_sf.o)
 .debug_aranges
                0x00000160       0x20 c:/winavr-20100110/bin/../lib/gcc/avr/4.3.3/avr5\libgcc.a(_unpack_sf.o)
 .debug_aranges
                0x00000180       0x20 c:/winavr-20100110/bin/../lib/gcc/avr/4.3.3/avr5\libgcc.a(_fpcmp_parts_sf.o)

.debug_pubnames
                0x00000000      0x1ef
 *(.debug_pubnames)
 .debug_pubnames
                0x00000000       0x23 c:/winavr-20100110/bin/../lib/gcc/avr/4.3.3/avr5\libgcc.a(_fixunssfsi.o)
 .debug_pubnames
                0x00000023       0x20 c:/winavr-20100110/bin/../lib/gcc/avr/4.3.3/avr5\libgcc.a(_udivdi3.o)
 .debug_pubnames
                0x00000043       0x20 c:/winavr-20100110/bin/../lib/gcc/avr/4.3.3/avr5\libgcc.a(_umoddi3.o)
 .debug_pubnames
                0x00000063       0x2c c:/winavr-20100110/bin/../lib/gcc/avr/4.3.3/avr5\libgcc.a(_addsub_sf.o)
 .debug_pubnames
                0x0000008f       0x1f c:/winavr-20100110/bin/../lib/gcc/avr/4.3.3/avr5\libgcc.a(_mul_sf.o)
 .debug_pubnames
                0x000000ae       0x1f c:/winavr-20100110/bin/../lib/gcc/avr/4.3.3/avr5\libgcc.a(_div_sf.o)
 .debug_pubnames
                0x000000cd       0x1e c:/winavr-20100110/bin/../lib/gcc/avr/4.3.3/avr5\libgcc.a(_gt_sf.o)
 .debug_pubnames
                0x000000eb       0x1e c:/winavr-20100110/bin/../lib/gcc/avr/4.3.3/avr5\libgcc.a(_ge_sf.o)
 .debug_pubnames
                0x00000109       0x1e c:/winavr-20100110/bin/../lib/gcc/avr/4.3.3/avr5\libgcc.a(_lt_sf.o)
 .debug_pubnames
                0x00000127       0x20 c:/winavr-20100110/bin/../lib/gcc/avr/4.3.3/avr5\libgcc.a(_sf_to_si.o)
 .debug_pubnames
                0x00000147       0x22 c:/winavr-20100110/bin/../lib/gcc/avr/4.3.3/avr5\libgcc.a(_thenan_sf.o)
 .debug_pubnames
                0x00000169       0x20 c:/winavr-20100110/bin/../lib/gcc/avr/4.3.3/avr5\libgcc.a(_clz.o)
 .debug_pubnames
                0x00000189       0x1f c:/winavr-20100110/bin/../lib/gcc/avr/4.3.3/avr5\libgcc.a(_pack_sf.o)
 .debug_pubnames
                0x000001a8       0x21 c:/winavr-20100110/bin/../lib/gcc/avr/4.3.3/avr5\libgcc.a(_unpack_sf.o)
 .debug_pubnames
                0x000001c9       0x26 c:/winavr-20100110/bin/../lib/gcc/avr/4.3.3/avr5\libgcc.a(_fpcmp_parts_sf.o)

.debug_info     0x00000000     0x2f63
 *(.debug_info)
 .debug_info    0x00000000       0xb1 c:/winavr-20100110/bin/../lib/gcc/avr/4.3.3/avr5\libgcc.a(_fixunssfsi.o)
 .debug_info    0x000000b1      0x71e c:/winavr-20100110/bin/../lib/gcc/avr/4.3.3/avr5\libgcc.a(_udivdi3.o)
 .debug_info    0x000007cf      0x757 c:/winavr-20100110/bin/../lib/gcc/avr/4.3.3/avr5\libgcc.a(_umoddi3.o)
 .debug_info    0x00000f26      0x47a c:/winavr-20100110/bin/../lib/gcc/avr/4.3.3/avr5\libgcc.a(_addsub_sf.o)
 .debug_info    0x000013a0      0x485 c:/winavr-20100110/bin/../lib/gcc/avr/4.3.3/avr5\libgcc.a(_mul_sf.o)
 .debug_info    0x00001825      0x3fc c:/winavr-20100110/bin/../lib/gcc/avr/4.3.3/avr5\libgcc.a(_div_sf.o)
 .debug_info    0x00001c21      0x27f c:/winavr-20100110/bin/../lib/gcc/avr/4.3.3/avr5\libgcc.a(_gt_sf.o)
 .debug_info    0x00001ea0      0x27f c:/winavr-20100110/bin/../lib/gcc/avr/4.3.3/avr5\libgcc.a(_ge_sf.o)
 .debug_info    0x0000211f      0x27f c:/winavr-20100110/bin/../lib/gcc/avr/4.3.3/avr5\libgcc.a(_lt_sf.o)
 .debug_info    0x0000239e      0x2b0 c:/winavr-20100110/bin/../lib/gcc/avr/4.3.3/avr5\libgcc.a(_sf_to_si.o)
 .debug_info    0x0000264e      0x12c c:/winavr-20100110/bin/../lib/gcc/avr/4.3.3/avr5\libgcc.a(_thenan_sf.o)
 .debug_info    0x0000277a       0xa9 c:/winavr-20100110/bin/../lib/gcc/avr/4.3.3/avr5\libgcc.a(_clz.o)
 .debug_info    0x00002823      0x2df c:/winavr-20100110/bin/../lib/gcc/avr/4.3.3/avr5\libgcc.a(_pack_sf.o)
 .debug_info    0x00002b02      0x251 c:/winavr-20100110/bin/../lib/gcc/avr/4.3.3/avr5\libgcc.a(_unpack_sf.o)
 .debug_info    0x00002d53      0x210 c:/winavr-20100110/bin/../lib/gcc/avr/4.3.3/avr5\libgcc.a(_fpcmp_parts_sf.o)
 *(.gnu.linkonce.wi.*)

.debug_abbrev   0x00000000     0x147c
 *(.debug_abbrev)
 .debug_abbrev  0x00000000       0x5d c:/winavr-20100110/bin/../lib/gcc/avr/4.3.3/avr5\libgcc.a(_fixunssfsi.o)
 .debug_abbrev  0x0000005d      0x181 c:/winavr-20100110/bin/../lib/gcc/avr/4.3.3/avr5\libgcc.a(_udivdi3.o)
 .debug_abbrev  0x000001de      0x190 c:/winavr-20100110/bin/../lib/gcc/avr/4.3.3/avr5\libgcc.a(_umoddi3.o)
 .debug_abbrev  0x0000036e      0x1ea c:/winavr-20100110/bin/../lib/gcc/avr/4.3.3/avr5\libgcc.a(_addsub_sf.o)
 .debug_abbrev  0x00000558      0x21b c:/winavr-20100110/bin/../lib/gcc/avr/4.3.3/avr5\libgcc.a(_mul_sf.o)
 .debug_abbrev  0x00000773      0x216 c:/winavr-20100110/bin/../lib/gcc/avr/4.3.3/avr5\libgcc.a(_div_sf.o)
 .debug_abbrev  0x00000989      0x15a c:/winavr-20100110/bin/../lib/gcc/avr/4.3.3/avr5\libgcc.a(_gt_sf.o)
 .debug_abbrev  0x00000ae3      0x15a c:/winavr-20100110/bin/../lib/gcc/avr/4.3.3/avr5\libgcc.a(_ge_sf.o)
 .debug_abbrev  0x00000c3d      0x15a c:/winavr-20100110/bin/../lib/gcc/avr/4.3.3/avr5\libgcc.a(_lt_sf.o)
 .debug_abbrev  0x00000d97      0x17f c:/winavr-20100110/bin/../lib/gcc/avr/4.3.3/avr5\libgcc.a(_sf_to_si.o)
 .debug_abbrev  0x00000f16       0xad c:/winavr-20100110/bin/../lib/gcc/avr/4.3.3/avr5\libgcc.a(_thenan_sf.o)
 .debug_abbrev  0x00000fc3       0x6a c:/winavr-20100110/bin/../lib/gcc/avr/4.3.3/avr5\libgcc.a(_clz.o)
 .debug_abbrev  0x0000102d      0x1c0 c:/winavr-20100110/bin/../lib/gcc/avr/4.3.3/avr5\libgcc.a(_pack_sf.o)
 .debug_abbrev  0x000011ed      0x154 c:/winavr-20100110/bin/../lib/gcc/avr/4.3.3/avr5\libgcc.a(_unpack_sf.o)
 .debug_abbrev  0x00001341      0x13b c:/winavr-20100110/bin/../lib/gcc/avr/4.3.3/avr5\libgcc.a(_fpcmp_parts_sf.o)

.debug_line     0x00000000     0x1406
 *(.debug_line)
 .debug_line    0x00000000       0xa7 c:/winavr-20100110/bin/../lib/gcc/avr/4.3.3/avr5\libgcc.a(_fixunssfsi.o)
 .debug_line    0x000000a7      0x1d8 c:/winavr-20100110/bin/../lib/gcc/avr/4.3.3/avr5\libgcc.a(_udivdi3.o)
 .debug_line    0x0000027f      0x230 c:/winavr-20100110/bin/../lib/gcc/avr/4.3.3/avr5\libgcc.a(_umoddi3.o)
 .debug_line    0x000004af      0x2af c:/winavr-20100110/bin/../lib/gcc/avr/4.3.3/avr5\libgcc.a(_addsub_sf.o)
 .debug_line    0x0000075e      0x239 c:/winavr-20100110/bin/../lib/gcc/avr/4.3.3/avr5\libgcc.a(_mul_sf.o)
 .debug_line    0x00000997      0x1d5 c:/winavr-20100110/bin/../lib/gcc/avr/4.3.3/avr5\libgcc.a(_div_sf.o)
 .debug_line    0x00000b6c       0xd3 c:/winavr-20100110/bin/../lib/gcc/avr/4.3.3/avr5\libgcc.a(_gt_sf.o)
 .debug_line    0x00000c3f       0xd3 c:/winavr-20100110/bin/../lib/gcc/avr/4.3.3/avr5\libgcc.a(_ge_sf.o)
 .debug_line    0x00000d12       0xd3 c:/winavr-20100110/bin/../lib/gcc/avr/4.3.3/avr5\libgcc.a(_lt_sf.o)
 .debug_line    0x00000de5      0x109 c:/winavr-20100110/bin/../lib/gcc/avr/4.3.3/avr5\libgcc.a(_sf_to_si.o)
 .debug_line    0x00000eee       0x90 c:/winavr-20100110/bin/../lib/gcc/avr/4.3.3/avr5\libgcc.a(_thenan_sf.o)
 .debug_line    0x00000f7e       0x7c c:/winavr-20100110/bin/../lib/gcc/avr/4.3.3/avr5\libgcc.a(_clz.o)
 .debug_line    0x00000ffa      0x18a c:/winavr-20100110/bin/../lib/gcc/avr/4.3.3/avr5\libgcc.a(_pack_sf.o)
 .debug_line    0x00001184      0x14b c:/winavr-20100110/bin/../lib/gcc/avr/4.3.3/avr5\libgcc.a(_unpack_sf.o)
 .debug_line    0x000012cf      0x137 c:/winavr-20100110/bin/../lib/gcc/avr/4.3.3/avr5\libgcc.a(_fpcmp_parts_sf.o)

.debug_frame    0x00000000      0x1c0
 *(.debug_frame)
 .debug_frame   0x00000000       0x20 c:/winavr-20100110/bin/../lib/gcc/avr/4.3.3/avr5\libgcc.a(_fixunssfsi.o)
 .debug_frame   0x00000020       0x20 c:/winavr-20100110/bin/../lib/gcc/avr/4.3.3/avr5\libgcc.a(_udivdi3.o)
 .debug_frame   0x00000040       0x20 c:/winavr-20100110/bin/../lib/gcc/avr/4.3.3/avr5\libgcc.a(_umoddi3.o)
 .debug_frame   0x00000060       0x40 c:/winavr-20100110/bin/../lib/gcc/avr/4.3.3/avr5\libgcc.a(_addsub_sf.o)
 .debug_frame   0x000000a0       0x20 c:/winavr-20100110/bin/../lib/gcc/avr/4.3.3/avr5\libgcc.a(_mul_sf.o)
 .debug_frame   0x000000c0       0x20 c:/winavr-20100110/bin/../lib/gcc/avr/4.3.3/avr5\libgcc.a(_div_sf.o)
 .debug_frame   0x000000e0       0x20 c:/winavr-20100110/bin/../lib/gcc/avr/4.3.3/avr5\libgcc.a(_gt_sf.o)
 .debug_frame   0x00000100       0x20 c:/winavr-20100110/bin/../lib/gcc/avr/4.3.3/avr5\libgcc.a(_ge_sf.o)
 .debug_frame   0x00000120       0x20 c:/winavr-20100110/bin/../lib/gcc/avr/4.3.3/avr5\libgcc.a(_lt_sf.o)
 .debug_frame   0x00000140       0x20 c:/winavr-20100110/bin/../lib/gcc/avr/4.3.3/avr5\libgcc.a(_sf_to_si.o)
 .debug_frame   0x00000160       0x20 c:/winavr-20100110/bin/../lib/gcc/avr/4.3.3/avr5\libgcc.a(_pack_sf.o)
 .debug_frame   0x00000180       0x20 c:/winavr-20100110/bin/../lib/gcc/avr/4.3.3/avr5\libgcc.a(_unpack_sf.o)
 .debug_frame   0x000001a0       0x20 c:/winavr-20100110/bin/../lib/gcc/avr/4.3.3/avr5\libgcc.a(_fpcmp_parts_sf.o)

.debug_str      0x00000000      0x352
 *(.debug_str)
 .debug_str     0x00000000       0xbf c:/winavr-20100110/bin/../lib/gcc/avr/4.3.3/avr5\libgcc.a(_fixunssfsi.o)
                                 0xfe (size before relaxing)
 .debug_str     0x000000bf       0x8d c:/winavr-20100110/bin/../lib/gcc/avr/4.3.3/avr5\libgcc.a(_udivdi3.o)
                                0x18a (size before relaxing)
 .debug_str     0x0000014c        0xa c:/winavr-20100110/bin/../lib/gcc/avr/4.3.3/avr5\libgcc.a(_umoddi3.o)
                                0x18a (size before relaxing)
 .debug_str     0x00000156      0x14d c:/winavr-20100110/bin/../lib/gcc/avr/4.3.3/avr5\libgcc.a(_addsub_sf.o)
                                0x206 (size before relaxing)
 .debug_str     0x000002a3       0x27 c:/winavr-20100110/bin/../lib/gcc/avr/4.3.3/avr5\libgcc.a(_mul_sf.o)
                                0x1bf (size before relaxing)
 .debug_str     0x000002ca       0x35 c:/winavr-20100110/bin/../lib/gcc/avr/4.3.3/avr5\libgcc.a(_div_sf.o)
                                0x1c8 (size before relaxing)
 .debug_str     0x000002ff        0x8 c:/winavr-20100110/bin/../lib/gcc/avr/4.3.3/avr5\libgcc.a(_gt_sf.o)
                                0x195 (size before relaxing)
 .debug_str     0x00000307        0x8 c:/winavr-20100110/bin/../lib/gcc/avr/4.3.3/avr5\libgcc.a(_ge_sf.o)
                                0x195 (size before relaxing)
 .debug_str     0x0000030f        0x8 c:/winavr-20100110/bin/../lib/gcc/avr/4.3.3/avr5\libgcc.a(_lt_sf.o)
                                0x195 (size before relaxing)
 .debug_str     0x00000317        0xa c:/winavr-20100110/bin/../lib/gcc/avr/4.3.3/avr5\libgcc.a(_sf_to_si.o)
                                0x19e (size before relaxing)
 .debug_str     0x00000000      0x103 c:/winavr-20100110/bin/../lib/gcc/avr/4.3.3/avr5\libgcc.a(_thenan_sf.o)
 .debug_str     0x00000000       0xf4 c:/winavr-20100110/bin/../lib/gcc/avr/4.3.3/avr5\libgcc.a(_clz.o)
 .debug_str     0x00000321       0x16 c:/winavr-20100110/bin/../lib/gcc/avr/4.3.3/avr5\libgcc.a(_pack_sf.o)
                                0x19d (size before relaxing)
 .debug_str     0x00000337        0xb c:/winavr-20100110/bin/../lib/gcc/avr/4.3.3/avr5\libgcc.a(_unpack_sf.o)
                                0x17f (size before relaxing)
 .debug_str     0x00000342       0x10 c:/winavr-20100110/bin/../lib/gcc/avr/4.3.3/avr5\libgcc.a(_fpcmp_parts_sf.o)
                                0x163 (size before relaxing)

.debug_loc      0x00000000     0x21b4
 *(.debug_loc)
 .debug_loc     0x00000000       0x34 c:/winavr-20100110/bin/../lib/gcc/avr/4.3.3/avr5\libgcc.a(_fixunssfsi.o)
 .debug_loc     0x00000034      0xe74 c:/winavr-20100110/bin/../lib/gcc/avr/4.3.3/avr5\libgcc.a(_udivdi3.o)
 .debug_loc     0x00000ea8      0xab2 c:/winavr-20100110/bin/../lib/gcc/avr/4.3.3/avr5\libgcc.a(_umoddi3.o)
 .debug_loc     0x0000195a      0x32a c:/winavr-20100110/bin/../lib/gcc/avr/4.3.3/avr5\libgcc.a(_addsub_sf.o)
 .debug_loc     0x00001c84      0x104 c:/winavr-20100110/bin/../lib/gcc/avr/4.3.3/avr5\libgcc.a(_mul_sf.o)
 .debug_loc     0x00001d88       0xc0 c:/winavr-20100110/bin/../lib/gcc/avr/4.3.3/avr5\libgcc.a(_div_sf.o)
 .debug_loc     0x00001e48       0x3c c:/winavr-20100110/bin/../lib/gcc/avr/4.3.3/avr5\libgcc.a(_gt_sf.o)
 .debug_loc     0x00001e84       0x3c c:/winavr-20100110/bin/../lib/gcc/avr/4.3.3/avr5\libgcc.a(_ge_sf.o)
 .debug_loc     0x00001ec0       0x3c c:/winavr-20100110/bin/../lib/gcc/avr/4.3.3/avr5\libgcc.a(_lt_sf.o)
 .debug_loc     0x00001efc       0x7e c:/winavr-20100110/bin/../lib/gcc/avr/4.3.3/avr5\libgcc.a(_sf_to_si.o)
 .debug_loc     0x00001f7a      0x13e c:/winavr-20100110/bin/../lib/gcc/avr/4.3.3/avr5\libgcc.a(_pack_sf.o)
 .debug_loc     0x000020b8       0xac c:/winavr-20100110/bin/../lib/gcc/avr/4.3.3/avr5\libgcc.a(_unpack_sf.o)
 .debug_loc     0x00002164       0x50 c:/winavr-20100110/bin/../lib/gcc/avr/4.3.3/avr5\libgcc.a(_fpcmp_parts_sf.o)

.debug_macinfo
 *(.debug_macinfo)
OUTPUT(app_wash_machine.elf elf32-avr)
LOAD linker stubs

.debug_ranges   0x00000000       0x80
 .debug_ranges  0x00000000       0x18 c:/winavr-20100110/bin/../lib/gcc/avr/4.3.3/avr5\libgcc.a(_udivdi3.o)
 .debug_ranges  0x00000018       0x18 c:/winavr-20100110/bin/../lib/gcc/avr/4.3.3/avr5\libgcc.a(_umoddi3.o)
 .debug_ranges  0x00000030       0x50 c:/winavr-20100110/bin/../lib/gcc/avr/4.3.3/avr5\libgcc.a(_mul_sf.o)
